Warning: You are sending unauthenticated requests to the HF Hub. Please set a HF_TOKEN to enable higher rate limits and faster downloads.
Loading weights:   0%|          | 0/320 [00:00<?, ?it/s]Loading weights:  19%|█▉        | 61/320 [00:00<00:00, 502.26it/s]Loading weights:  37%|███▋      | 118/320 [00:00<00:00, 533.73it/s]Loading weights:  57%|█████▋    | 181/320 [00:00<00:00, 539.57it/s]Loading weights:  77%|███████▋  | 245/320 [00:00<00:00, 555.94it/s]Loading weights:  95%|█████████▌| 304/320 [00:00<00:00, 566.96it/s]Loading weights: 100%|██████████| 320/320 [00:00<00:00, 570.95it/s]
Fetching 9 files:   0%|          | 0/9 [00:00<?, ?it/s]Fetching 9 files: 100%|██████████| 9/9 [00:00<00:00, 664.25it/s]
delta: warm start from /home/neelayranjan/.cache/huggingface/hub/models--jaredpalmer--kev-0.8b/snapshots/54f4f8777356cd5bbbb6c6919c657f26e6f2f6d8: 372 adapter tensors and the pointer head loaded
device=cuda trainable params=11.3M
replay: 1000 of 12576 suite training records mixed with 7948 from /home/neelayranjan/Documents/minecraft-kev/data/mc1_ep/train.jsonl
[transformers] `causal_conv1d_fn` is falling back to its reference PyTorch implementation because `causal_conv1d` is not installed. This is correct but much slower; install `causal_conv1d` for the optimized kernel.
8948 training requests (holdout=[]), questions by type {'choice': 4201, 'noul': 5773, 'score': 8177}
ep0 step 10/1119 loss 0.901 kl 0.051 anchor 0.000 0.567s/rec
ep0 step 20/1119 loss 0.896 kl 0.058 anchor 0.000 0.547s/rec
ep0 step 30/1119 loss 0.704 kl 0.037 anchor 0.000 0.545s/rec
ep0 step 40/1119 loss 0.554 kl 0.083 anchor 0.000 0.559s/rec
ep0 step 50/1119 loss 0.573 kl 0.043 anchor 0.000 0.575s/rec
ep0 step 60/1119 loss 0.582 kl 0.049 anchor 0.000 0.583s/rec
ep0 step 70/1119 loss 0.381 kl 0.031 anchor 0.000 0.579s/rec
ep0 step 80/1119 loss 0.482 kl 0.067 anchor 0.000 0.574s/rec
ep0 step 90/1119 loss 0.306 kl 0.026 anchor 0.000 0.572s/rec
ep0 step 100/1119 loss 0.396 kl 0.087 anchor 0.000 0.568s/rec
ep0 step 110/1119 loss 0.475 kl 0.027 anchor 0.000 0.566s/rec
ep0 step 120/1119 loss 0.404 kl 0.033 anchor 0.000 0.565s/rec
ep0 step 130/1119 loss 0.496 kl 0.024 anchor 0.000 0.560s/rec
ep0 step 140/1119 loss 0.532 kl 0.057 anchor 0.000 0.556s/rec
ep0 step 150/1119 loss 0.377 kl 0.016 anchor 0.000 0.551s/rec
ep0 step 160/1119 loss 0.395 kl 0.006 anchor 0.000 0.549s/rec
ep0 step 170/1119 loss 0.502 kl 0.028 anchor 0.000 0.552s/rec
ep0 step 180/1119 loss 0.499 kl 0.007 anchor 0.000 0.550s/rec
ep0 step 190/1119 loss 0.203 kl 0.008 anchor 0.000 0.546s/rec
ep0 step 200/1119 loss 0.294 kl 0.018 anchor 0.000 0.549s/rec
ep0 step 210/1119 loss 0.307 kl 0.004 anchor 0.000 0.545s/rec
ep0 step 220/1119 loss 0.241 kl 0.003 anchor 0.000 0.545s/rec
ep0 step 230/1119 loss 0.577 kl 0.011 anchor 0.000 0.547s/rec
ep0 step 240/1119 loss 0.289 kl 0.008 anchor 0.000 0.548s/rec
ep0 step 250/1119 loss 0.347 kl 0.028 anchor 0.000 0.548s/rec
ep0 step 260/1119 loss 0.230 kl 0.039 anchor 0.000 0.544s/rec
ep0 step 270/1119 loss 0.320 kl 0.026 anchor 0.000 0.545s/rec
ep0 step 280/1119 loss 0.249 kl 0.007 anchor 0.000 0.543s/rec
ep0 step 290/1119 loss 0.330 kl 0.008 anchor 0.000 0.543s/rec
ep0 step 300/1119 loss 0.340 kl 0.017 anchor 0.000 0.541s/rec
ep0 step 310/1119 loss 0.301 kl 0.024 anchor 0.000 0.544s/rec
ep0 step 320/1119 loss 0.438 kl 0.025 anchor 0.000 0.545s/rec
ep0 step 330/1119 loss 0.428 kl 0.005 anchor 0.000 0.544s/rec
ep0 step 340/1119 loss 0.297 kl 0.008 anchor 0.000 0.544s/rec
ep0 step 350/1119 loss 0.331 kl 0.032 anchor 0.000 0.544s/rec
ep0 step 360/1119 loss 0.268 kl 0.045 anchor 0.000 0.545s/rec
ep0 step 370/1119 loss 0.497 kl 0.004 anchor 0.000 0.544s/rec
ep0 step 380/1119 loss 0.422 kl 0.043 anchor 0.000 0.544s/rec
ep0 step 390/1119 loss 0.370 kl 0.014 anchor 0.000 0.544s/rec
ep0 step 400/1119 loss 0.193 kl 0.003 anchor 0.000 0.544s/rec
ep0 step 410/1119 loss 0.471 kl 0.030 anchor 0.000 0.543s/rec
ep0 step 420/1119 loss 0.382 kl 0.005 anchor 0.000 0.545s/rec
ep0 step 430/1119 loss 0.238 kl 0.026 anchor 0.000 0.542s/rec
ep0 step 440/1119 loss 0.186 kl 0.027 anchor 0.000 0.543s/rec
ep0 step 450/1119 loss 0.192 kl 0.052 anchor 0.000 0.544s/rec
ep0 step 460/1119 loss 0.367 kl 0.011 anchor 0.000 0.544s/rec
ep0 step 470/1119 loss 0.196 kl 0.026 anchor 0.000 0.544s/rec
ep0 step 480/1119 loss 0.458 kl 0.017 anchor 0.000 0.544s/rec
ep0 step 490/1119 loss 0.334 kl 0.021 anchor 0.000 0.544s/rec
ep0 step 500/1119 loss 0.188 kl 0.002 anchor 0.000 0.543s/rec
ep0 step 510/1119 loss 0.150 kl 0.000 anchor 0.000 0.541s/rec
ep0 step 520/1119 loss 0.342 kl 0.018 anchor 0.000 0.540s/rec
ep0 step 530/1119 loss 0.241 kl 0.082 anchor 0.000 0.540s/rec
ep0 step 540/1119 loss 0.300 kl 0.014 anchor 0.000 0.538s/rec
ep0 step 550/1119 loss 0.234 kl 0.011 anchor 0.000 0.538s/rec
ep0 step 560/1119 loss 0.173 kl 0.014 anchor 0.000 0.540s/rec
ep0 step 570/1119 loss 0.310 kl 0.012 anchor 0.000 0.541s/rec
ep0 step 580/1119 loss 0.347 kl 0.029 anchor 0.000 0.540s/rec
ep0 step 590/1119 loss 0.293 kl 0.029 anchor 0.000 0.539s/rec
ep0 step 600/1119 loss 0.301 kl 0.033 anchor 0.000 0.539s/rec
ep0 step 610/1119 loss 0.190 kl 0.022 anchor 0.000 0.539s/rec
ep0 step 620/1119 loss 0.206 kl 0.003 anchor 0.000 0.539s/rec
ep0 step 630/1119 loss 0.232 kl 0.005 anchor 0.000 0.538s/rec
ep0 step 640/1119 loss 0.333 kl 0.017 anchor 0.000 0.539s/rec
ep0 step 650/1119 loss 0.335 kl 0.019 anchor 0.000 0.539s/rec
ep0 step 660/1119 loss 0.290 kl 0.034 anchor 0.000 0.539s/rec
ep0 step 670/1119 loss 0.146 kl 0.004 anchor 0.000 0.540s/rec
ep0 step 680/1119 loss 0.242 kl 0.019 anchor 0.000 0.540s/rec
ep0 step 690/1119 loss 0.331 kl 0.049 anchor 0.000 0.540s/rec
ep0 step 700/1119 loss 0.293 kl 0.020 anchor 0.000 0.540s/rec
ep0 step 710/1119 loss 0.250 kl 0.020 anchor 0.000 0.540s/rec
ep0 step 720/1119 loss 0.233 kl 0.048 anchor 0.000 0.540s/rec
ep0 step 730/1119 loss 0.274 kl 0.005 anchor 0.000 0.540s/rec
ep0 step 740/1119 loss 0.161 kl 0.006 anchor 0.000 0.541s/rec
ep0 step 750/1119 loss 0.287 kl 0.006 anchor 0.000 0.541s/rec
ep0 step 760/1119 loss 0.204 kl 0.013 anchor 0.000 0.540s/rec
ep0 step 770/1119 loss 0.460 kl 0.020 anchor 0.000 0.541s/rec
ep0 step 780/1119 loss 0.290 kl 0.008 anchor 0.000 0.540s/rec
ep0 step 790/1119 loss 0.127 kl 0.008 anchor 0.000 0.540s/rec
ep0 step 800/1119 loss 0.184 kl 0.001 anchor 0.000 0.539s/rec
ep0 step 810/1119 loss 0.363 kl 0.003 anchor 0.000 0.540s/rec
ep0 step 820/1119 loss 0.315 kl 0.026 anchor 0.000 0.541s/rec
ep0 step 830/1119 loss 0.328 kl 0.017 anchor 0.000 0.542s/rec
ep0 step 840/1119 loss 0.097 kl 0.002 anchor 0.000 0.541s/rec
ep0 step 850/1119 loss 0.275 kl 0.024 anchor 0.000 0.541s/rec
ep0 step 860/1119 loss 0.406 kl 0.029 anchor 0.000 0.541s/rec
ep0 step 870/1119 loss 0.282 kl 0.017 anchor 0.000 0.540s/rec
ep0 step 880/1119 loss 0.184 kl 0.008 anchor 0.000 0.540s/rec
ep0 step 890/1119 loss 0.357 kl 0.028 anchor 0.000 0.540s/rec
ep0 step 900/1119 loss 0.246 kl 0.020 anchor 0.000 0.540s/rec
ep0 step 910/1119 loss 0.202 kl 0.050 anchor 0.000 0.539s/rec
ep0 step 920/1119 loss 0.321 kl 0.011 anchor 0.000 0.539s/rec
ep0 step 930/1119 loss 0.207 kl 0.007 anchor 0.000 0.540s/rec
ep0 step 940/1119 loss 0.294 kl 0.020 anchor 0.000 0.539s/rec
ep0 step 950/1119 loss 0.183 kl 0.010 anchor 0.000 0.540s/rec
ep0 step 960/1119 loss 0.347 kl 0.004 anchor 0.000 0.540s/rec
ep0 step 970/1119 loss 0.222 kl 0.029 anchor 0.000 0.540s/rec
ep0 step 980/1119 loss 0.439 kl 0.003 anchor 0.000 0.540s/rec
ep0 step 990/1119 loss 0.146 kl 0.014 anchor 0.000 0.540s/rec
ep0 step 1000/1119 loss 0.181 kl 0.024 anchor 0.000 0.541s/rec
ep0 step 1010/1119 loss 0.261 kl 0.003 anchor 0.000 0.540s/rec
ep0 step 1020/1119 loss 0.194 kl 0.030 anchor 0.000 0.540s/rec
ep0 step 1030/1119 loss 0.316 kl 0.047 anchor 0.000 0.540s/rec
ep0 step 1040/1119 loss 0.189 kl 0.024 anchor 0.000 0.540s/rec
ep0 step 1050/1119 loss 0.239 kl 0.035 anchor 0.000 0.540s/rec
ep0 step 1060/1119 loss 0.263 kl 0.030 anchor 0.000 0.540s/rec
ep0 step 1070/1119 loss 0.228 kl 0.019 anchor 0.000 0.540s/rec
ep0 step 1080/1119 loss 0.178 kl 0.006 anchor 0.000 0.540s/rec
ep0 step 1090/1119 loss 0.124 kl 0.011 anchor 0.000 0.540s/rec
ep0 step 1100/1119 loss 0.292 kl 0.003 anchor 0.000 0.540s/rec
ep0 step 1110/1119 loss 0.294 kl 0.008 anchor 0.000 0.540s/rec
saved runs/mc-v1
train exit 0 01:30:03
